Requirement already satisfied: pip in c:\users\gustavo\my drive\drivesyncfiles\1. obsidian - gustavo - arquivos pessoais\02 - projects\02.03 - projeto - sistema - desenvolvimento de sistemas\venv\lib\site-packages (25.3)
Collecting python-dotenv==1.0.0 (from -r requirements.txt (line 5))
  Using cached python_dotenv-1.0.0-py3-none-any.whl.metadata (21 kB)
Collecting pydantic==2.5.0 (from -r requirements.txt (line 6))
  Using cached pydantic-2.5.0-py3-none-any.whl.metadata (174 kB)
Collecting pydantic-settings==2.1.0 (from -r requirements.txt (line 7))
  Using cached pydantic_settings-2.1.0-py3-none-any.whl.metadata (2.9 kB)
Collecting fastapi==0.104.1 (from -r requirements.txt (line 13))
  Using cached fastapi-0.104.1-py3-none-any.whl.metadata (24 kB)
Collecting uvicorn==0.24.0 (from uvicorn[standard]==0.24.0->-r requirements.txt (line 14))
  Using cached uvicorn-0.24.0-py3-none-any.whl.metadata (6.4 kB)
Collecting httpx==0.25.1 (from -r requirements.txt (line 15))
  Using cached httpx-0.25.1-py3-none-any.whl.metadata (7.1 kB)
Collecting aiohttp==3.9.1 (from -r requirements.txt (line 16))
  Using cached aiohttp-3.9.1.tar.gz (7.5 MB)
  Installing build dependencies: started
  Installing build dependencies: finished with status 'done'
  Getting requirements to build wheel: started
  Getting requirements to build wheel: finished with status 'done'
  Preparing metadata (pyproject.toml): started
  Preparing metadata (pyproject.toml): finished with status 'done'
Collecting sqlalchemy==2.0.23 (from -r requirements.txt (line 19))
  Using cached SQLAlchemy-2.0.23-py3-none-any.whl.metadata (9.6 kB)
Collecting alembic==1.13.1 (from -r requirements.txt (line 20))
  Using cached alembic-1.13.1-py3-none-any.whl.metadata (7.4 kB)
Collecting psycopg==3.1.18 (from psycopg[binary]==3.1.18->-r requirements.txt (line 21))
  Using cached psycopg-3.1.18-py3-none-any.whl.metadata (4.2 kB)
Collecting pgvector==0.2.4 (from -r requirements.txt (line 22))
  Using cached pgvector-0.2.4-py2.py3-none-any.whl.metadata (9.8 kB)
Collecting redis==5.0.1 (from -r requirements.txt (line 25))
  Using cached redis-5.0.1-py3-none-any.whl.metadata (8.9 kB)
Collecting rq==1.14.1 (from -r requirements.txt (line 26))
  Using cached rq-1.14.1-py2.py3-none-any.whl.metadata (1.6 kB)
Collecting rq-scheduler==0.13.1 (from -r requirements.txt (line 27))
  Using cached rq_scheduler-0.13.1-py2.py3-none-any.whl.metadata (12 kB)
Collecting trafilatura==1.6.4 (from -r requirements.txt (line 30))
  Using cached trafilatura-1.6.4-py3-none-any.whl.metadata (16 kB)
Collecting beautifulsoup4==4.12.2 (from -r requirements.txt (line 31))
  Using cached beautifulsoup4-4.12.2-py3-none-any.whl.metadata (3.6 kB)
Collecting lxml==4.9.3 (from -r requirements.txt (line 32))
  Using cached lxml-4.9.3.tar.gz (3.6 MB)
  Installing build dependencies: started
  Installing build dependencies: finished with status 'done'
  Getting requirements to build wheel: started
  Getting requirements to build wheel: finished with status 'done'
  Preparing metadata (pyproject.toml): started
  Preparing metadata (pyproject.toml): finished with status 'done'
Collecting python-docx==0.8.11 (from -r requirements.txt (line 34))
  Using cached python-docx-0.8.11.tar.gz (5.6 MB)
  Installing build dependencies: started
  Installing build dependencies: finished with status 'done'
  Getting requirements to build wheel: started
  Getting requirements to build wheel: finished with status 'done'
  Preparing metadata (pyproject.toml): started
  Preparing metadata (pyproject.toml): finished with status 'done'
Collecting pypdf==3.17.1 (from -r requirements.txt (line 35))
  Using cached pypdf-3.17.1-py3-none-any.whl.metadata (7.5 kB)
Collecting sentence-transformers==2.2.2 (from -r requirements.txt (line 38))
  Using cached sentence-transformers-2.2.2.tar.gz (85 kB)
  Installing build dependencies: started
  Installing build dependencies: finished with status 'done'
  Getting requirements to build wheel: started
  Getting requirements to build wheel: finished with status 'done'
  Preparing metadata (pyproject.toml): started
  Preparing metadata (pyproject.toml): finished with status 'done'
Collecting torch>=2.9.0 (from -r requirements.txt (line 39))
  Using cached torch-2.10.0-cp314-cp314-win_amd64.whl.metadata (31 kB)
Collecting scikit-learn==1.3.2 (from -r requirements.txt (line 42))
  Using cached scikit-learn-1.3.2.tar.gz (7.5 MB)
  Installing build dependencies: started
