# T-002 Evidence Pack — Commands Log
# Data: 2026-01-30
# Tarefa: Python bootstrap + venv + pre-commit

## Comandos executados

### 1. Verificação Python
```
python --version
```
Output: Python 3.14.2

### 2. Criação e ativação do venv
```
# .venv já existia
.\.venv\Scripts\Activate.ps1
```

### 3. Upgrade pip/setuptools/wheel
```
pip install --upgrade pip setuptools wheel
```
Success: pip 25.3, setuptools 80.10.2, wheel 0.46.3

### 4. Correções no requirements.txt (compatibilidade Python 3.14)
- scikit-learn: 1.3.2 → >=1.4.0
- datasketch: 1.0.8 → >=1.5.0
- lxml: 4.9.3 → >=4.9.0
- pydantic: 2.5.0 → >=2.10.0
- pydantic-settings: 2.1.0 → >=2.7.0
- psycopg[binary]: 3.1.18 → >=3.2.10

### 5. Instalação de pacotes essenciais
```
C:/Dev/banco-dados-publicos/.venv/Scripts/python.exe -m pip install --no-cache-dir \
  python-dotenv pydantic pydantic-settings fastapi uvicorn httpx \
  sqlalchemy alembic psycopg[binary] pgvector redis rq \
  pytest black flake8 mypy pre-commit
```
Success: 50+ packages instalados

### 6. Configuração pre-commit
```
C:/Dev/banco-dados-publicos/.venv/Scripts/python.exe -m pre_commit install
```
Output: pre-commit installed at .git\hooks\pre-commit

### 7. Criação .env
```
Copy-Item .env.example .env
```
Success

### 8. Correção bootstrap.ps1
- Mudança: venv → .venv (consistência com path curto)
